ffmpeg version 7.0.2-static https://johnvansickle.com/ffmpeg/  Copyright (c) 2000-2024 the FFmpeg developers
  built with gcc 8 (Debian 8.3.0-6)
  configuration: --enable-gpl --enable-version3 --enable-static --disable-debug --disable-ffplay --disable-indev=sndio --disable-outdev=sndio --cc=gcc --enable-fontconfig --enable-frei0r --enable-gnutls --enable-gmp --enable-libgme --enable-gray --enable-libaom --enable-libfribidi --enable-libass --enable-libvmaf --enable-libfreetype --enable-libmp3lame --enable-libopencore-amrnb --enable-libopencore-amrwb --enable-libopenjpeg --enable-librubberband --enable-libsoxr --enable-libspeex --enable-libsrt --enable-libvorbis --enable-libopus --enable-libtheora --enable-libvidstab --enable-libvo-amrwbenc --enable-libvpx --enable-libwebp --enable-libx264 --enable-libx265 --enable-libxml2 --enable-libdav1d --enable-libxvid --enable-libzvbi --enable-libzimg
  libavutil      59.  8.100 / 59.  8.100
  libavcodec     61.  3.100 / 61.  3.100
  libavformat    61.  1.100 / 61.  1.100
  libavdevice    61.  1.100 / 61.  1.100
  libavfilter    10.  1.100 / 10.  1.100
  libswscale      8.  1.100 /  8.  1.100
  libswresample   5.  1.100 /  5.  1.100
  libpostproc    58.  1.100 / 58.  1.100
Input #0, mov,mp4,m4a,3gp,3g2,mj2, from 'runs/confirmation-seed1/force-0.06/overview.mp4':
  Metadata:
    major_brand     : isom
    minor_version   : 512
    compatible_brands: isomiso2mp41
    encoder         : Lavf62.12.101
  Duration: 00:00:04.00, start: 0.000000, bitrate: 14522 kb/s
  Stream #0:0[0x1](und): Video: mpeg4 (Simple Profile) (mp4v / 0x7634706D), yuv420p, 1280x720 [SAR 1:1 DAR 16:9], 14518 kb/s, 50 fps, 50 tbr, 12800 tbn (default)
      Metadata:
        handler_name    : VideoHandler
        vendor_id       : [0][0][0][0]
Stream mapping:
  Stream #0:0 -> #0:0 (mpeg4 (native) -> h264 (libx264))
Press [q] to stop, [?] for help
[libx264 @ 0x46574240] using SAR=1/1
[libx264 @ 0x46574240] using cpu capabilities: MMX2 SSE2Fast SSSE3 SSE4.2 AVX FMA3 BMI2 AVX2
[libx264 @ 0x46574240] profile High, level 3.2, 4:2:0, 8-bit
[libx264 @ 0x46574240] 264 - core 164 r3191 4613ac3 - H.264/MPEG-4 AVC codec - Copyleft 2003-2024 - http://www.videolan.org/x264.html - options: cabac=1 ref=3 deblock=1:0:0 analyse=0x3:0x113 me=hex subme=7 psy=1 psy_rd=1.00:0.00 mixed_ref=1 me_range=16 chroma_me=1 trellis=1 8x8dct=1 cqm=0 deadzone=21,11 fast_pskip=1 chroma_qp_offset=-2 threads=22 lookahead_threads=3 sliced_threads=0 nr=0 decimate=1 interlaced=0 bluray_compat=0 constrained_intra=0 bframes=3 b_pyramid=2 b_adapt=1 b_bias=0 direct=1 weightb=1 open_gop=0 weightp=2 keyint=250 keyint_min=25 scenecut=40 intra_refresh=0 rc_lookahead=40 rc=crf mbtree=1 crf=23.0 qcomp=0.60 qpmin=0 qpmax=69 qpstep=4 ip_ratio=1.40 aq=1:1.00
Output #0, mp4, to 'runs/confirmation-seed1/force-0.06/overview_h264.mp4':
  Metadata:
    major_brand     : isom
    minor_version   : 512
    compatible_brands: isomiso2mp41
    encoder         : Lavf61.1.100
  Stream #0:0(und): Video: h264 (avc1 / 0x31637661), yuv420p(progressive), 1280x720 [SAR 1:1 DAR 16:9], q=2-31, 50 fps, 12800 tbn (default)
      Metadata:
        handler_name    : VideoHandler
        vendor_id       : [0][0][0][0]
        encoder         : Lavc61.3.100 libx264
      Side data:
        cpb: bitrate max/min/avg: 0/0/0 buffer size: 0 vbv_delay: N/A
frame=   84 fps=0.0 q=31.0 size=     512KiB time=00:00:01.64 bitrate=2557.7kbits/s speed=3.28x
[mp4 @ 0x465753c0] Starting second pass: moving the moov atom to the beginning of the file
[out#0/mp4 @ 0x46575000] video:1305KiB audio:0KiB subtitle:0KiB other streams:0KiB global headers:0KiB muxing overhead: 0.245592%
frame=  200 fps=0.0 q=-1.0 Lsize=    1309KiB time=00:00:03.96 bitrate=2707.2kbits/s speed=4.66x
[libx264 @ 0x46574240] frame I:1     Avg QP:18.81  size: 28707
[libx264 @ 0x46574240] frame P:50    Avg QP:26.21  size:  8290
[libx264 @ 0x46574240] frame B:149   Avg QP:30.95  size:  5993
[libx264 @ 0x46574240] consecutive B-frames:  0.5%  0.0%  1.5% 98.0%
[libx264 @ 0x46574240] mb I  I16..4: 28.4% 65.4%  6.1%
[libx264 @ 0x46574240] mb P  I16..4:  0.8%  4.4%  2.5%  P16..4:  8.4%  2.7%  1.8%  0.0%  0.0%    skip:79.3%
[libx264 @ 0x46574240] mb B  I16..4:  0.4%  1.1%  1.2%  B16..8: 11.9%  2.4%  0.9%  direct: 1.0%  skip:81.1%  L0:55.8% L1:42.6% BI: 1.6%
[libx264 @ 0x46574240] 8x8 transform intra:49.6% inter:18.8%
[libx264 @ 0x46574240] coded y,uvDC,uvAC intra: 37.5% 53.7% 46.8% inter: 3.0% 4.4% 3.5%
[libx264 @ 0x46574240] i16 v,h,dc,p: 34% 44% 18%  4%
[libx264 @ 0x46574240] i8 v,h,dc,ddl,ddr,vr,hd,vl,hu: 18% 21% 52%  2%  1%  1%  2%  1%  2%
[libx264 @ 0x46574240] i4 v,h,dc,ddl,ddr,vr,hd,vl,hu: 20% 23% 35%  4%  4%  3%  4%  3%  4%
[libx264 @ 0x46574240] i8c dc,h,v,p: 57% 23% 17%  3%
[libx264 @ 0x46574240] Weighted P-Frames: Y:0.0% UV:0.0%
[libx264 @ 0x46574240] ref P L0: 46.1%  3.3% 32.5% 18.0%
[libx264 @ 0x46574240] ref B L0: 63.9% 29.5%  6.6%
[libx264 @ 0x46574240] ref B L1: 86.3% 13.7%
[libx264 @ 0x46574240] kb/s:2672.16
