  t= 0.40s  wall=  4.5s  active=402  queued=20  decisions=103
  t= 0.80s  wall= 11.2s  active=514  queued=122  decisions=503
  t= 1.20s  wall= 18.0s  active=520  queued=187  decisions=879
  t= 1.60s  wall= 24.8s  active=530  queued=288  decisions=1295
  t= 2.00s  wall= 31.1s  active=541  queued=397  decisions=1724
  t= 2.40s  wall= 36.7s  active=537  queued=487  decisions=2137
  t= 2.80s  wall= 43.2s  active=550  queued=558  decisions=2546
  t= 3.20s  wall= 50.3s  active=545  queued=629  decisions=2933
  t= 3.60s  wall= 57.4s  active=557  queued=735  decisions=3328

== green_arabica @ 1000 beans/s, policy specialty ==
throughput 1000 beans/s  (754 kg/h)   evaluated 2600   wall 16.2 s per sim s
defect removal 41.0%   good yield loss 6.16%   accept stream 77.1 defects/1000 (incoming 151/1000)   spilled 3.23%
decisions 3727  valves 794  late 0  obs/track 2.45  latency p50 60.0 ms p99 60.0 ms (budget 73 ms)  starved 0
class         n  rejected  targeted  jet hit  hit/rej  spilled
good       2207       136        78       86       81       23   keep none
faded        76        33        63       42       32        9   DEFECT minor
black        62        30        58       32       29        5   DEFECT major
sour         66        36        61       36       35        1   DEFECT major
insect       48        22        43       23       21        2   DEFECT major
broken       62        18        36       25       15       13   DEFECT major
shell        24         5        13        0        0        2   DEFECT major
husk         25         8         8        2        0       11   DEFECT foreign
stone        13         4         4        0        0        9   DEFECT foreign
stick        17         5        11        8        5        9   DEFECT foreign
wrote /home/worker/.worktrees/hackspain/2026-09-19-coffee-sorter-closed-loop/sim/coffee_sorter/runs/tuning-sweep/force-0.12
