  t= 0.40s  wall=  5.9s  active=1183  queued=61  decisions=273
  t= 0.80s  wall= 14.8s  active=1168  queued=278  decisions=1166
  t= 1.20s  wall= 24.3s  active=1171  queued=464  decisions=2191
  t= 1.60s  wall= 33.4s  active=1183  queued=635  decisions=2981
  t= 2.00s  wall= 42.3s  active=1202  queued=791  decisions=3789
  t= 2.40s  wall= 51.5s  active=1193  queued=972  decisions=4652
  t= 2.80s  wall= 60.7s  active=1184  queued=1195  decisions=5565
  t= 3.20s  wall= 69.4s  active=1184  queued=1388  decisions=6425
  t= 3.60s  wall= 77.5s  active=1179  queued=1544  decisions=7218

== green_arabica @ 3000 beans/s, policy specialty ==
throughput 2189 beans/s  (1643 kg/h)   evaluated 5775   wall 21.5 s per sim s
defect removal 38.5%   good yield loss 8.37%   accept stream 80.5 defects/1000 (incoming 150/1000)   spilled 4.36%
decisions 8046  valves 1683  late 0  obs/track 2.31  latency p50 60.0 ms p99 60.0 ms (budget 73 ms)  starved 2949
class         n  rejected  targeted  jet hit  hit/rej  spilled
good       4910       411       174      300      248      106   keep none
faded       154        59       110       59       54        5   DEFECT minor
black       115        48        99       54       46        5   DEFECT major
sour        148        78       134       83       74        6   DEFECT major
insect      116        63        93       61       57        2   DEFECT major
broken      146        52        74       59       45       34   DEFECT major
shell        56         5        28       11        0       29   DEFECT major
husk         54         5        19        8        0       34   DEFECT foreign
stone        36         2         9        0        0       24   DEFECT foreign
stick        40        21        21       17       14        7   DEFECT foreign
wrote /home/worker/.worktrees/hackspain/2026-09-19-coffee-sorter-closed-loop/sim/coffee_sorter/runs/tuning-sweep/pool-3000-base
