  t= 0.40s  wall=  6.0s  active=1206  queued=74  decisions=271
  t= 0.80s  wall= 16.2s  active=1509  queued=325  decisions=1423
  t= 1.20s  wall= 26.2s  active=1542  queued=564  decisions=2572
  t= 1.60s  wall= 36.2s  active=1577  queued=815  decisions=3722
  t= 2.00s  wall= 46.1s  active=1584  queued=1073  decisions=4867
  t= 2.40s  wall= 56.1s  active=1625  queued=1273  decisions=5986
  t= 2.80s  wall= 66.4s  active=1660  queued=1531  decisions=7158
  t= 3.20s  wall= 77.1s  active=1665  queued=1800  decisions=8353
  t= 3.60s  wall= 87.7s  active=1679  queued=2064  decisions=9506

== green_arabica @ 3000 beans/s, policy specialty ==
throughput 3000 beans/s  (2248 kg/h)   evaluated 7800   wall 24.5 s per sim s
defect removal 38.6%   good yield loss 10.10%   accept stream 82.9 defects/1000 (incoming 143/1000)   spilled 4.85%
decisions 10700  valves 2226  late 0  obs/track 2.24  latency p50 60.0 ms p99 60.0 ms (budget 73 ms)  starved 0
class         n  rejected  targeted  jet hit  hit/rej  spilled
good       6686       675       308      515      408      221   keep none
faded       235        96       170       99       90        7   DEFECT minor
black       199       101       172      104       93       11   DEFECT major
sour        198        87       171       92       82       14   DEFECT major
insect      140        65       106       66       59        6   DEFECT major
broken      134        37        76       46       31       32   DEFECT major
shell        78         9        48       19        0       33   DEFECT major
husk         57         9        21        6        0       25   DEFECT foreign
stone        27         4         8        1        1       17   DEFECT foreign
stick        46        22        25       23       18       12   DEFECT foreign
wrote /home/worker/.worktrees/hackspain/2026-09-19-coffee-sorter-closed-loop/sim/coffee_sorter/runs/tuning-sweep/pool-3000-enlarged
