  t= 0.40s  wall=  4.2s  active=402  queued=20  decisions=103
  t= 0.80s  wall= 11.1s  active=511  queued=118  decisions=498
  t= 1.20s  wall= 18.2s  active=508  queued=209  decisions=892
  t= 1.60s  wall= 25.3s  active=527  queued=296  decisions=1283
  t= 2.00s  wall= 32.2s  active=527  queued=393  decisions=1682
  t= 2.40s  wall= 38.7s  active=541  queued=462  decisions=2092
  t= 2.80s  wall= 45.7s  active=538  queued=550  decisions=2508
  t= 3.20s  wall= 52.5s  active=545  queued=635  decisions=2931
  t= 3.60s  wall= 59.8s  active=568  queued=729  decisions=3342

== green_arabica @ 1000 beans/s, policy specialty ==
throughput 1000 beans/s  (753 kg/h)   evaluated 2600   wall 16.6 s per sim s
defect removal 43.1%   good yield loss 6.32%   accept stream 65.3 defects/1000 (incoming 142/1000)   spilled 3.54%
decisions 3761  valves 809  late 0  obs/track 2.43  latency p50 60.0 ms p99 60.0 ms (budget 73 ms)  starved 0
class         n  rejected  targeted  jet hit  hit/rej  spilled
good       2231       141        63      106       91       28   keep none
faded        66        35        54       37       33        2   DEFECT minor
black        59        29        58       42       29        9   DEFECT major
sour         69        41        67       44       40        2   DEFECT major
insect       45        25        44       29       25        3   DEFECT major
broken       56        15        41       29       13       18   DEFECT major
shell        23         2        11        3        0       13   DEFECT major
husk         25         4        14        5        0       11   DEFECT foreign
stone        11         0         7        0        0        4   DEFECT foreign
stick        15         8         9        8        6        2   DEFECT foreign
wrote /home/worker/.worktrees/hackspain/2026-09-19-coffee-sorter-closed-loop/sim/coffee_sorter/runs/tuning-sweep/pulse-5ms
