  t= 0.40s  wall=  4.9s  active=402  queued=42  decisions=103
  t= 0.80s  wall= 12.2s  active=513  queued=243  decisions=500
  t= 1.20s  wall= 19.4s  active=514  queued=429  decisions=911
  t= 1.60s  wall= 26.6s  active=531  queued=606  decisions=1325
  t= 2.00s  wall= 34.0s  active=524  queued=786  decisions=1732
  t= 2.40s  wall= 41.3s  active=542  queued=930  decisions=2156
  t= 2.80s  wall= 48.6s  active=545  queued=1104  decisions=2555
  t= 3.20s  wall= 55.7s  active=552  queued=1290  decisions=2974
  t= 3.60s  wall= 62.5s  active=560  queued=1455  decisions=3393

== green_arabica @ 1000 beans/s, policy specialty ==
throughput 1000 beans/s  (753 kg/h)   evaluated 2600   wall 17.4 s per sim s
defect removal 46.5%   good yield loss 7.24%   accept stream 69.5 defects/1000 (incoming 139/1000)   spilled 2.65%
decisions 3829  valves 1644  late 0  obs/track 2.41  latency p50 60.0 ms p99 60.0 ms (budget 73 ms)  starved 0
class         n  rejected  targeted  jet hit  hit/rej  spilled
good       2239       162        67      133      106       29   keep none
faded        73        40        64       43       39        1   DEFECT minor
black        61        38        59       40       38        0   DEFECT major
sour         59        37        57       40       36        2   DEFECT major
insect       41        16        34       18       16        0   DEFECT major
broken       59        19        36       18       15        8   DEFECT major
shell        22         5         9        3        0       10   DEFECT major
husk         21         3         6        1        0        9   DEFECT foreign
stone        15         3         6        0        0        8   DEFECT foreign
stick        10         7         8        7        6        2   DEFECT foreign
wrote /home/worker/.worktrees/hackspain/2026-09-19-coffee-sorter-closed-loop/sim/coffee_sorter/runs/tuning-sweep/target-nozzles-3
