  t= 0.40s  wall=  4.7s  active=402  queued=7  decisions=103
  t= 0.80s  wall= 11.8s  active=509  queued=11  decisions=511
  t= 1.20s  wall= 18.8s  active=515  queued=38  decisions=910
  t= 1.60s  wall= 25.8s  active=510  queued=53  decisions=1311
  t= 2.00s  wall= 32.9s  active=511  queued=74  decisions=1711
  t= 2.40s  wall= 40.0s  active=527  queued=79  decisions=2113
  t= 2.80s  wall= 47.4s  active=521  queued=100  decisions=2536
  t= 3.20s  wall= 55.0s  active=529  queued=116  decisions=2949
  t= 3.60s  wall= 61.9s  active=539  queued=143  decisions=3348

== green_arabica @ 1000 beans/s, policy specialty ==
throughput 1000 beans/s  (753 kg/h)   evaluated 2600   wall 17.1 s per sim s
defect removal 16.5%   good yield loss 2.87%   accept stream 115.8 defects/1000 (incoming 142/1000)   spilled 1.46%
decisions 3758  valves 160  late 437  obs/track 2.48  latency p50 77.5 ms p99 83.2 ms (budget 73 ms)  starved 0
class         n  rejected  targeted  jet hit  hit/rej  spilled
good       2231        64        16       19       17       12   keep none
faded        66        16        17       13       12        0   DEFECT minor
black        59         9        11        9        7        0   DEFECT major
sour         69        12        15       10       10        1   DEFECT major
insect       45         4         5        4        4        0   DEFECT major
broken       56         8         8        5        3        3   DEFECT major
shell        23         1         5        2        0        9   DEFECT major
husk         25         5         2        0        0        6   DEFECT foreign
stone        11         2         3        0        0        4   DEFECT foreign
stick        15         4         2        2        2        3   DEFECT foreign
wrote /home/worker/.worktrees/hackspain/2026-09-19-coffee-sorter-closed-loop/sim/coffee_sorter/runs/latency-sweep/delay-40
