  t= 0.40s  wall=  4.7s  active=402  queued=0  decisions=103
  t= 0.80s  wall= 11.6s  active=506  queued=0  decisions=505
  t= 1.20s  wall= 18.5s  active=508  queued=0  decisions=911
  t= 1.60s  wall= 25.4s  active=518  queued=1  decisions=1300
  t= 2.00s  wall= 32.2s  active=516  queued=1  decisions=1691
  t= 2.40s  wall= 39.0s  active=516  queued=1  decisions=2088
  t= 2.80s  wall= 45.6s  active=515  queued=2  decisions=2483
  t= 3.20s  wall= 52.3s  active=519  queued=2  decisions=2889
  t= 3.60s  wall= 59.1s  active=521  queued=2  decisions=3297

== green_arabica @ 1000 beans/s, policy specialty ==
throughput 1000 beans/s  (754 kg/h)   evaluated 2600   wall 16.5 s per sim s
defect removal 5.7%   good yield loss 1.29%   accept stream 118.8 defects/1000 (incoming 134/1000)   spilled 1.35%
decisions 3688  valves 3  late 513  obs/track 2.50  latency p50 97.3 ms p99 104.3 ms (budget 73 ms)  starved 0
class         n  rejected  targeted  jet hit  hit/rej  spilled
good       2252        29         0        0        0        6   keep none
faded        68         0         0        0        0        1   DEFECT minor
black        66         0         0        0        0        0   DEFECT major
sour         57         2         0        0        0        0   DEFECT major
insect       40         0         0        0        0        0   DEFECT major
broken       45         3         0        0        0        3   DEFECT major
shell        23         6         1        1        0        7   DEFECT major
husk         26         6         1        0        0       13   DEFECT foreign
stone        13         3         0        0        0        4   DEFECT foreign
stick        10         0         0        0        0        1   DEFECT foreign
wrote /home/worker/.worktrees/hackspain/2026-09-19-coffee-sorter-closed-loop/sim/coffee_sorter/runs/latency-sweep/delay-60
