Blender scene built in 1.4s (Cycles, Metal GPU)
camera calibrated from markers [0, 1, 2, 3]: 0.75 mm reprojection error
planner=gpt-6-astra seed=11 run=/Users/jaumepuig/robotics/magnet_sorter/runs/20260918-225256
ground truth (hidden from GPT-6): nut_m8_zinc=FE, nut_m8_brass=--, nut_m6_black=FE, nut_m10_stainless=--, nut_m5_stainless=--, bolt_m6_zinc=FE, bolt_m6_stainless=--, washer_m8_zinc=FE, washer_m8_copper=--, washer_m10_alu=--, standoff_alu=--

=== round 1 (21.8s) Try the three strongest steel candidates first; all material guesses remain unverified until arm feedback.
   p1 ( 542, 422) nut      black_steel ferrous=True  conf=0.84 | nut_m6_black is steel_black → correct
   p2 ( 673, 405) washer   aluminum    ferrous=False conf=0.66 | washer_m10_alu is aluminum → correct
   p3 ( 870, 459) nut      stainless   ferrous=False conf=0.56 | nut_m5_stainless is stainless → correct
   p4 ( 709, 522) bolt     stainless   ferrous=False conf=0.55 | bolt_m6_zinc is steel_zinc → WRONG
   p5 ( 433, 550) nut      zinc_steel  ferrous=True  conf=0.76 | nut_m10_stainless is stainless → WRONG
   p6 ( 544, 584) washer   zinc_steel  ferrous=True  conf=0.59 | washer_m8_zinc is steel_zinc → correct
   p7 ( 640, 576) nut      zinc_steel  ferrous=True  conf=0.60 | nut_m8_zinc is steel_zinc → correct
   p8 ( 983, 550) standoff aluminum    ferrous=False conf=0.61 | standoff_alu is aluminum → correct
   p9 ( 409, 641) bolt     zinc_steel  ferrous=True  conf=0.74 | bolt_m6_stainless is stainless → WRONG
  p10 ( 816, 644) nut      brass       ferrous=False conf=0.85 | nut_m8_brass is brass → correct
  p11 ( 911, 638) washer   aluminum    ferrous=False conf=0.64 | washer_m8_copper is copper → correct
  program: pick(542,422) → place → pick(433,550) → place → pick(409,641) → place → home
    ✓ pick at (0.236,0.045) done, magnet on, arm lifted
    ✓ pick at pixel (542,422) succeeded: the piece is gone from the table, released in the bin
    ✓ pick at (0.177,0.094) done, magnet on, arm lifted
    ✗ pick at pixel (433,550) FAILED: the piece is still on the table (not ferrous, or the magnet missed it)
    ✓ pick at (0.136,0.105) done, magnet on, arm lifted
    ✗ pick at pixel (409,641) FAILED: the piece is still on the table (not ferrous, or the magnet missed it)
    ✓ home
  (evaluator) ferrous still on table: 3/4

=== round 2 (21.5s) Test three untried steel candidates while leaving the two failed picks and likely non-ferrous pieces untouched.
   p1 ( 672, 405) washer   aluminum    ferrous=False conf=0.76 | washer_m10_alu is aluminum → correct
   p2 ( 871, 458) nut      stainless   ferrous=False conf=0.55 | nut_m5_stainless is stainless → correct
   p3 ( 708, 522) bolt     zinc_steel  ferrous=True  conf=0.66 | bolt_m6_zinc is steel_zinc → correct
   p4 ( 433, 550) nut      stainless   ferrous=False conf=0.88 | nut_m10_stainless is stainless → correct
   p5 ( 544, 583) washer   zinc_steel  ferrous=True  conf=0.61 | washer_m8_zinc is steel_zinc → correct
   p6 ( 639, 576) nut      zinc_steel  ferrous=True  conf=0.60 | nut_m8_zinc is steel_zinc → correct
   p7 ( 985, 550) standoff aluminum    ferrous=False conf=0.64 | standoff_alu is aluminum → correct
   p8 ( 409, 641) bolt     stainless   ferrous=False conf=0.88 | bolt_m6_stainless is stainless → correct
   p9 ( 817, 644) nut      brass       ferrous=False conf=0.83 | nut_m8_brass is brass → correct
  p10 ( 911, 638) washer   aluminum    ferrous=False conf=0.73 | washer_m8_copper is copper → correct
  program: pick(708,522) → place → pick(544,583) → place → pick(639,576) → place → home
    ✓ pick at (0.190,-0.031) done, magnet on, arm lifted
    ✓ pick at pixel (708,522) succeeded: the piece is gone from the table, released in the bin
    ✓ pick at (0.162,0.044) done, magnet on, arm lifted
    ✓ pick at pixel (544,583) succeeded: the piece is gone from the table, released in the bin
    ✓ pick at (0.165,0.000) done, magnet on, arm lifted
    ✓ pick at pixel (639,576) succeeded: the piece is gone from the table, released in the bin
    ✓ home
  (evaluator) ferrous still on table: 1/4

=== round 3 (16.4s) Test the remaining small silver nut and leave the likely non-ferrous pieces, including the two failed pickups, undisturbed.
   p1 ( 672, 405) washer   aluminum    ferrous=False conf=0.82 | washer_m10_alu is aluminum → correct
   p2 ( 871, 459) nut      zinc_steel  ferrous=True  conf=0.57 | nut_m5_stainless is stainless → WRONG
   p3 ( 433, 550) nut      stainless   ferrous=False conf=0.88 | nut_m10_stainless is stainless → correct
   p4 ( 987, 551) standoff aluminum    ferrous=False conf=0.72 | standoff_alu is aluminum → correct
   p5 ( 409, 641) bolt     stainless   ferrous=False conf=0.86 | bolt_m6_stainless is stainless → correct
   p6 ( 817, 644) nut      brass       ferrous=False conf=0.91 | nut_m8_brass is brass → correct
   p7 ( 912, 638) washer   aluminum    ferrous=False conf=0.82 | washer_m8_copper is copper → correct
  program: pick(871,459) → place → home
    ✓ pick at (0.219,-0.105) done, magnet on, arm lifted
    ✗ pick at pixel (871,459) FAILED: the piece is still on the table (not ferrous, or the magnet missed it)
    ✓ home
  (evaluator) ferrous still on table: 1/4

=== round 4 (13.4s) The seven remaining pieces appear non-ferrous or have already failed centred picks, so no further attempts are warranted.
   p1 ( 433, 550) nut      stainless   ferrous=False conf=0.88 | nut_m10_stainless is stainless → correct
   p2 ( 409, 641) bolt     stainless   ferrous=False conf=0.86 | bolt_m6_stainless is stainless → correct
   p3 ( 672, 405) washer   aluminum    ferrous=False conf=0.80 | washer_m10_alu is aluminum → correct
   p4 ( 871, 459) nut      stainless   ferrous=False conf=0.88 | nut_m5_stainless is stainless → correct
   p5 ( 984, 550) standoff aluminum    ferrous=False conf=0.72 | standoff_alu is aluminum → correct
   p6 ( 816, 644) nut      brass       ferrous=False conf=0.95 | nut_m8_brass is brass → correct
   p7 ( 911, 638) washer   aluminum    ferrous=False conf=0.80 | washer_m8_copper is copper → correct
  program: (empty)
GPT-6 says it is done.

result: 3/4 ferrous pieces in the tray, 17 feedback lines, 213s wall, 37s sim
GPT-6 usage: 4 calls, 9798 in / 3949 out tokens ≈ $0.30
trajectory: 1627 frames (65 s) → /Users/jaumepuig/robotics/magnet_sorter/runs/20260918-225256
exit=0
