Blender scene built in 1.8s (Cycles, Metal GPU)
camera calibrated from markers [0, 1, 2, 3]: 0.75 mm reprojection error
planner=gpt-6-astra seed=11 run=/Users/jaumepuig/robotics/magnet_sorter/runs/20260918-224053
ground truth (hidden from GPT-6): nut_m8_zinc=FE, nut_m8_brass=--, nut_m6_black=FE, nut_m10_stainless=--, nut_m5_stainless=--, bolt_m6_zinc=FE, bolt_m6_stainless=--, washer_m8_zinc=FE, washer_m8_copper=--, washer_m10_alu=--, standoff_alu=--

=== round 1 (23.3s) Listed 11 loose pieces and selected three likely steel pieces for initial attempts, pending magnetic feedback.
   p1 ( 543, 422) nut      black_steel ferrous=True  conf=0.80 | nut_m6_black is steel_black → correct
   p2 ( 673, 405) washer   aluminum    ferrous=False conf=0.61 | washer_m10_alu is aluminum → correct
   p3 ( 870, 458) nut      stainless   ferrous=False conf=0.54 | nut_m5_stainless is stainless → correct
   p4 ( 709, 522) bolt     zinc_steel  ferrous=True  conf=0.73 | bolt_m6_zinc is steel_zinc → correct
   p5 ( 433, 550) nut      zinc_steel  ferrous=True  conf=0.77 | nut_m10_stainless is stainless → WRONG
   p6 ( 544, 583) washer   zinc_steel  ferrous=True  conf=0.58 | washer_m8_zinc is steel_zinc → correct
   p7 ( 640, 576) nut      zinc_steel  ferrous=True  conf=0.60 | nut_m8_zinc is steel_zinc → correct
   p8 ( 408, 641) bolt     zinc_steel  ferrous=True  conf=0.72 | bolt_m6_stainless is stainless → WRONG
   p9 ( 817, 644) nut      brass       ferrous=False conf=0.85 | nut_m8_brass is brass → correct
  p10 ( 911, 638) washer   aluminum    ferrous=False conf=0.59 | washer_m8_copper is copper → correct
  p11 ( 984, 550) standoff aluminum    ferrous=False conf=0.53 | standoff_alu is aluminum → correct
  program: pick(543,422) → place → pick(433,550) → place → pick(709,522) → place → home
    ✓ pick at (0.236,0.044) done, magnet on, arm lifted
    ✓ pick at pixel (543,422) succeeded: the piece is gone from the table, released in the bin
    ✓ pick at (0.177,0.094) done, magnet on, arm lifted
    ✗ pick at pixel (433,550) FAILED: the piece is still on the table (not ferrous, or the magnet missed it)
    ✓ pick at (0.190,-0.032) done, magnet on, arm lifted
    ✓ pick at pixel (709,522) succeeded: the piece is gone from the table, released in the bin
    ✓ home
  (evaluator) ferrous still on table: 2/4

=== round 2 (17.7s) Try three likely zinc-steel pieces while leaving the failed nut and likely non-ferrous hardware undisturbed.
   p1 ( 673, 405) washer   aluminum    ferrous=False conf=0.72 | washer_m10_alu is aluminum → correct
   p2 ( 870, 459) nut      stainless   ferrous=False conf=0.55 | nut_m5_stainless is stainless → correct
   p3 ( 433, 550) nut      stainless   ferrous=False conf=0.85 | nut_m10_stainless is stainless → correct
   p4 ( 985, 552) standoff aluminum    ferrous=False conf=0.65 | standoff_alu is aluminum → correct
   p5 ( 544, 583) washer   zinc_steel  ferrous=True  conf=0.59 | washer_m8_zinc is steel_zinc → correct
   p6 ( 640, 576) nut      zinc_steel  ferrous=True  conf=0.62 | nut_m8_zinc is steel_zinc → correct
   p7 ( 409, 640) bolt     zinc_steel  ferrous=True  conf=0.73 | bolt_m6_stainless is stainless → WRONG
   p8 ( 816, 645) nut      brass       ferrous=False conf=0.86 | nut_m8_brass is brass → correct
   p9 ( 911, 638) washer   aluminum    ferrous=False conf=0.70 | washer_m8_copper is copper → correct
  program: pick(409,640) → place → pick(640,576) → place → pick(544,583) → place → home
    ✓ pick at (0.136,0.105) done, magnet on, arm lifted
    ✗ pick at pixel (409,640) FAILED: the piece is still on the table (not ferrous, or the magnet missed it)
    ✓ pick at (0.165,-0.000) done, magnet on, arm lifted
    ✗ pick at pixel (640,576) FAILED: the piece is still on the table (not ferrous, or the magnet missed it)
    ✓ pick at (0.162,0.044) done, magnet on, arm lifted
    ✗ pick at pixel (544,583) FAILED: the piece is still on the table (not ferrous, or the magnet missed it)
    ✓ home
  (evaluator) ferrous still on table: 0/4

=== round 3 (18.0s) Try the untested small silver nut, leaving the failed-pick pieces and likely non-ferrous hardware undisturbed.
   p1 ( 673, 405) washer   aluminum    ferrous=False conf=0.70 | washer_m10_alu is aluminum → correct
   p2 ( 870, 459) nut      zinc_steel  ferrous=True  conf=0.55 | nut_m5_stainless is stainless → WRONG
   p3 ( 433, 550) nut      stainless   ferrous=False conf=0.88 | nut_m10_stainless is stainless → correct
   p4 ( 984, 550) bolt     aluminum    ferrous=False conf=0.61 | standoff_alu is aluminum → correct
   p5 ( 409, 640) bolt     stainless   ferrous=False conf=0.88 | bolt_m6_stainless is stainless → correct
   p6 ( 816, 644) nut      brass       ferrous=False conf=0.91 | nut_m8_brass is brass → correct
   p7 ( 912, 638) washer   aluminum    ferrous=False conf=0.70 | washer_m8_copper is copper → correct
  program: pick(870,459) → place → home
    ✓ pick at (0.219,-0.105) done, magnet on, arm lifted
    ✗ pick at pixel (870,459) FAILED: the piece is still on the table (not ferrous, or the magnet missed it)
    ✓ home
  (evaluator) ferrous still on table: 0/4

=== round 4 (16.2s) The seven remaining loose pieces appear non-ferrous based on pickup feedback and appearance, so no further attempts are warranted.
   p1 ( 673, 405) washer   aluminum    ferrous=False conf=0.85 | washer_m10_alu is aluminum → correct
   p2 ( 870, 459) nut      stainless   ferrous=False conf=0.91 | nut_m5_stainless is stainless → correct
   p3 ( 433, 550) nut      stainless   ferrous=False conf=0.91 | nut_m10_stainless is stainless → correct
   p4 ( 984, 550) standoff aluminum    ferrous=False conf=0.74 | standoff_alu is aluminum → correct
   p5 ( 409, 640) bolt     stainless   ferrous=False conf=0.90 | bolt_m6_stainless is stainless → correct
   p6 ( 816, 644) nut      brass       ferrous=False conf=0.95 | nut_m8_brass is brass → correct
   p7 ( 911, 638) washer   aluminum    ferrous=False conf=0.85 | washer_m8_copper is copper → correct
  program: (empty)
GPT-6 says it is done.

result: 4/4 ferrous pieces in the tray, 17 feedback lines, 285s wall, 37s sim
GPT-6 usage: 4 calls, 9813 in / 3931 out tokens ≈ $0.29
trajectory: 1624 frames (65 s) → /Users/jaumepuig/robotics/magnet_sorter/runs/20260918-224053
exit=0
