layout: 3/6 parts on the workspace, closest pair 3.5 cm (3 wait for the next wave)
waves: 3 parts on the card now, 7 more arrive when GPT-6 finishes this batch
camera A calibrated from markers [1, 2, 3]: 0.56 mm reprojection error
camera B calibrated from markers [0, 1, 2, 3]: 0.50 mm reprojection error
build=taras_kitting planner=oracle-ground-truth seed=4 run=/Users/jaumepuig/robotics/magnet_sorter/runs/20260919-015404
ground truth (hidden from GPT-6): screw_m4x20_A→leave, nut_m4_A→leave, washer_m4_A→leave, screw_m4x20_B→leave, nut_m4_B→leave, washer_m4_B→leave, screw_m4x20_C→leave, nut_m4_C→leave, washer_m4_C→leave, washer_m4_extra→unknown
viewer open: watch the run in the MuJoCo window

=== round 1 (0.0s) oracle: 3 parts to move
   p1 ( 647, 400) screw   steel_zinc  fe=T → kit_A    conf=1.00 | screw_m4x20_A (steel_zinc, screw) → kind ok, target WRONG (leave)
   p2 ( 657, 545) nut     steel_zinc  fe=T → kit_A    conf=1.00 | nut_m4_A (steel_zinc, nut) → kind ok, target WRONG (leave)
   p3 ( 713, 465) nut     steel_zinc  fe=T → kit_C    conf=1.00 | nut_m4_C (steel_zinc, nut) → kind ok, target WRONG (leave)
  program: pick(647,400) → place → pick(657,545) → place → pick(713,465) → place → home
    ✓ pick at (0.089,-0.034) done, magnet on, arm lifted
    ✓ pick at (8.9, -3.4) cm succeeded: the spot changed in camera A (part left it); released in the container
    ✓ pick at (0.074,0.025) done, magnet on, arm lifted
    ✓ pick at (7.4, 2.5) cm succeeded: the spot changed in camera A,B (part left it); released in the container
    ✓ pick at (0.064,-0.010) done, magnet on, arm lifted
    ✓ pick at (6.4, -1.0) cm succeeded: the spot changed in camera A,B (part left it); released in the container
    ✓ home
  (evaluator) correctly placed: 0/3

=== round 2 (0.0s) oracle: 0 parts to move
   p1 ( 666, 293) screw   steel_zinc  fe=T → leave    conf=1.00 | screw_m4x20_A (steel_zinc, screw) → kind ok, target ok
   p2 ( 665, 295) nut     steel_zinc  fe=T → leave    conf=1.00 | nut_m4_A (steel_zinc, nut) → kind ok, target ok
   p3 ( 529, 699) nut     steel_zinc  fe=T → leave    conf=1.00 | nut_m4_C (steel_zinc, nut) → kind ok, target ok
  program: (empty)
layout: 4/6 parts on the workspace, closest pair 3.4 cm (2 wait for the next wave)
GPT-6 is done with this batch → 4 new parts on the card

=== round 3 (0.0s) oracle: 3 parts to move
   p1 ( 666, 293) screw   steel_zinc  fe=T → leave    conf=1.00 | screw_m4x20_A (steel_zinc, screw) → kind ok, target ok
   p2 ( 665, 296) nut     steel_zinc  fe=T → leave    conf=1.00 | nut_m4_A (steel_zinc, nut) → kind ok, target ok
   p3 ( 703, 464) washer  steel_zinc  fe=T → kit_A    conf=1.00 | washer_m4_A (steel_zinc, washer) → kind ok, target WRONG (leave)
   p4 ( 721, 575) screw   steel_zinc  fe=T → kit_C    conf=1.00 | screw_m4x20_C (steel_zinc, screw) → kind ok, target WRONG (leave)
   p5 ( 529, 699) nut     steel_zinc  fe=T → leave    conf=1.00 | nut_m4_C (steel_zinc, nut) → kind ok, target ok
   p6 ( 665, 386) washer  steel_zinc  fe=T → kit_C    conf=1.00 | washer_m4_C (steel_zinc, washer) → kind ok, target WRONG (leave)
   p7 ( 612, 531) washer  steel_zinc  fe=T → unknown  conf=1.00 | washer_m4_extra (steel_zinc, washer) → kind ok, target ok
  program: pick(703,464) → place → pick(721,575) → place → pick(665,386) → place → home
    ✓ pick at (0.067,-0.010) done, magnet on, arm lifted
    ✓ pick at (6.7, -1.0) cm succeeded: the spot changed in camera A,B (part left it); released in the container
