Blender scene built in 6.4s (Cycles, Metal GPU)
camera calibrated from markers [0, 1, 2, 3]: 0.75 mm reprojection error
planner=gpt-6-astra seed=11 run=/Users/jaumepuig/robotics/magnet_sorter/runs/20260918-230000
ground truth (hidden from GPT-6): nut_m8_zinc=FE, nut_m8_brass=--, nut_m6_black=FE, nut_m10_stainless=--, nut_m5_stainless=--, bolt_m6_zinc=FE, bolt_m6_stainless=--, washer_m8_zinc=FE, washer_m8_copper=--, washer_m10_alu=--, standoff_alu=--

=== round 1 (23.7s) Identified 11 loose pieces and will try the three strongest ferrous candidates first, using movement feedback to revise the visual guesses.
   p1 ( 542, 422) nut      black_steel ferrous=True  conf=0.84 | nut_m6_black is steel_black → correct
   p2 ( 672, 405) washer   aluminum    ferrous=False conf=0.66 | washer_m10_alu is aluminum → correct
   p3 ( 870, 458) nut      stainless   ferrous=False conf=0.55 | nut_m5_stainless is stainless → correct
   p4 ( 708, 522) bolt     zinc_steel  ferrous=True  conf=0.62 | bolt_m6_zinc is steel_zinc → correct
   p5 ( 433, 549) nut      zinc_steel  ferrous=True  conf=0.76 | nut_m10_stainless is stainless → WRONG
   p6 ( 979, 548) standoff aluminum    ferrous=False conf=0.70 | standoff_alu is aluminum → correct
   p7 ( 544, 583) washer   zinc_steel  ferrous=True  conf=0.57 | washer_m8_zinc is steel_zinc → correct
   p8 ( 640, 576) nut      zinc_steel  ferrous=True  conf=0.60 | nut_m8_zinc is steel_zinc → correct
   p9 ( 409, 641) bolt     zinc_steel  ferrous=True  conf=0.75 | bolt_m6_stainless is stainless → WRONG
  p10 ( 816, 644) nut      brass       ferrous=False conf=0.83 | nut_m8_brass is brass → correct
  p11 ( 911, 638) washer   stainless   ferrous=False conf=0.55 | washer_m8_copper is copper → correct
  program: pick(542,422) → place → pick(433,549) → place → pick(409,641) → place → home
    ✓ pick at (0.236,0.045) done, magnet on, arm lifted
    ✓ pick at pixel (542,422) succeeded: the piece is gone from the table, released in the bin
    ✓ pick at (0.178,0.094) done, magnet on, arm lifted
    ✗ pick at pixel (433,549) FAILED: the piece is still on the table (not ferrous, or the magnet missed it)
    ✓ pick at (0.136,0.105) done, magnet on, arm lifted
    ✗ pick at pixel (409,641) FAILED: the piece is still on the table (not ferrous, or the magnet missed it)
    ✓ home
  (evaluator) ferrous still on table: 3/4

=== round 2 (24.0s) Try three untested likely steel pieces, leaving the two failed pieces and likely non-ferrous hardware undisturbed.
  washer_673_405 ( 673, 405) washer   aluminum    ferrous=False conf=0.76 | washer_m10_alu is aluminum → correct
  nut_871_459 ( 871, 459) nut      zinc_steel  ferrous=True  conf=0.55 | nut_m5_stainless is stainless → WRONG
  bolt_709_522 ( 709, 522) bolt     zinc_steel  ferrous=True  conf=0.67 | bolt_m6_zinc is steel_zinc → correct
  nut_433_549 ( 433, 549) nut      stainless   ferrous=False conf=0.87 | nut_m10_stainless is stainless → correct
  standoff_970_542 ( 970, 542) standoff aluminum    ferrous=False conf=0.71 | standoff_alu is aluminum → correct
  nut_640_576 ( 640, 576) nut      zinc_steel  ferrous=True  conf=0.63 | nut_m8_zinc is steel_zinc → correct
  washer_544_583 ( 544, 583) washer   zinc_steel  ferrous=True  conf=0.61 | washer_m8_zinc is steel_zinc → correct
  bolt_409_641 ( 409, 641) bolt     stainless   ferrous=False conf=0.86 | bolt_m6_stainless is stainless → correct
  nut_817_644 ( 817, 644) nut      brass       ferrous=False conf=0.88 | nut_m8_brass is brass → correct
  washer_911_638 ( 911, 638) washer   aluminum    ferrous=False conf=0.76 | washer_m8_copper is copper → correct
  program: pick(709,522) → place → pick(640,576) → place → pick(544,583) → place → home
    ✓ pick at (0.190,-0.032) done, magnet on, arm lifted
    ✓ pick at pixel (709,522) succeeded: the piece is gone from the table, released in the bin
    ✓ pick at (0.165,-0.000) done, magnet on, arm lifted
    ✓ pick at pixel (640,576) succeeded: the piece is gone from the table, released in the bin
    ✓ pick at (0.162,0.044) done, magnet on, arm lifted
    ✓ pick at pixel (544,583) succeeded: the piece is gone from the table, released in the bin
    ✓ home
  (evaluator) ferrous still on table: 1/4

=== round 3 (18.6s) Test the two remaining plausible steel pieces, leaving likely nonferrous hardware and previously failed pieces undisturbed.
   p1 ( 672, 405) washer   aluminum    ferrous=False conf=0.83 | washer_m10_alu is aluminum → correct
   p2 ( 871, 459) nut      zinc_steel  ferrous=True  conf=0.55 | nut_m5_stainless is stainless → WRONG
   p3 ( 946, 526) standoff aluminum    ferrous=False conf=0.80 | standoff_alu is aluminum → correct
   p4 ( 434, 549) nut      stainless   ferrous=False conf=0.92 | nut_m10_stainless is stainless → correct
   p5 ( 409, 641) bolt     stainless   ferrous=False conf=0.91 | bolt_m6_stainless is stainless → correct
   p6 ( 673, 665) bolt     zinc_steel  ferrous=True  conf=0.65 | bolt_m6_zinc is steel_zinc → correct
   p7 ( 816, 644) nut      brass       ferrous=False conf=0.90 | nut_m8_brass is brass → correct
   p8 ( 912, 638) washer   aluminum    ferrous=False conf=0.82 | washer_m8_copper is copper → correct
  program: pick(673,665) → place → pick(871,459) → place → home
    ✗ pick (0.125,-0.015) is outside the arm workspace
    ✗ place: nothing was picked before this place
    ✓ pick at (0.219,-0.105) done, magnet on, arm lifted
    ✗ pick at pixel (871,459) FAILED: the piece is still on the table (not ferrous, or the magnet missed it)
    ✓ home
  (evaluator) ferrous still on table: 1/4

=== round 4 (20.5s) Test the untried gray nut, leaving likely nonferrous pieces and the previously unreachable bolt undisturbed.
   p1 ( 673, 405) washer   aluminum    ferrous=False conf=0.75 | washer_m10_alu is aluminum → correct
   p2 ( 871, 459) nut      stainless   ferrous=False conf=0.85 | nut_m5_stainless is stainless → correct
   p3 ( 928, 515) standoff aluminum    ferrous=False conf=0.70 | standoff_alu is aluminum → correct
   p4 ( 433, 550) nut      zinc_steel  ferrous=True  conf=0.65 | nut_m10_stainless is stainless → WRONG
   p5 ( 409, 641) bolt     stainless   ferrous=False conf=0.85 | bolt_m6_stainless is stainless → correct
   p6 ( 673, 665) bolt     zinc_steel  ferrous=True  conf=0.60 | bolt_m6_zinc is steel_zinc → correct
   p7 ( 816, 644) nut      brass       ferrous=False conf=0.94 | nut_m8_brass is brass → correct
   p8 ( 911, 638) washer   aluminum    ferrous=False conf=0.75 | washer_m8_copper is copper → correct
  program: pick(433,550) → place → home
    ✓ pick at (0.177,0.094) done, magnet on, arm lifted
    ✗ pick at pixel (433,550) FAILED: the piece is still on the table (not ferrous, or the magnet missed it)
    ✓ home
  (evaluator) ferrous still on table: 1/4

=== round 5 (26.2s) Test the left bolt, leaving likely nonferrous pieces and the apparently unreachable lower-center bolt untouched.
   p1 ( 673, 405) washer   aluminum    ferrous=False conf=0.80 | washer_m10_alu is aluminum → correct
   p2 ( 871, 459) nut      stainless   ferrous=False conf=0.88 | nut_m5_stainless is stainless → correct
   p3 ( 914, 503) standoff aluminum    ferrous=False conf=0.72 | standoff_alu is aluminum → correct
   p4 ( 433, 550) nut      stainless   ferrous=False conf=0.88 | nut_m10_stainless is stainless → correct
   p5 ( 408, 641) bolt     zinc_steel  ferrous=True  conf=0.56 | bolt_m6_stainless is stainless → WRONG
   p6 ( 674, 665) bolt     zinc_steel  ferrous=True  conf=0.54 | bolt_m6_zinc is steel_zinc → correct
   p7 ( 817, 644) nut      brass       ferrous=False conf=0.86 | nut_m8_brass is brass → correct
   p8 ( 911, 638) washer   aluminum    ferrous=False conf=0.80 | washer_m8_copper is copper → correct
  program: pick(408,641) → place → home
    ✓ pick at (0.136,0.105) done, magnet on, arm lifted
    ✗ pick at pixel (408,641) FAILED: the piece is still on the table (not ferrous, or the magnet missed it)
    ✓ home
  (evaluator) ferrous still on table: 1/4

=== round 6 (26.9s) No reachable pieces remain worth trying: the remaining steel-like bolt appears outside the workspace, and the others appear non-ferrous or failed centered pickups.
   p1 ( 673, 405) washer   aluminum    ferrous=False conf=0.83 | washer_m10_alu is aluminum → correct
   p2 ( 871, 459) nut      stainless   ferrous=False conf=0.88 | nut_m5_stainless is stainless → correct
   p3 ( 896, 490) standoff aluminum    ferrous=False conf=0.73 | standoff_alu is aluminum → correct
   p4 ( 433, 550) nut      stainless   ferrous=False conf=0.88 | nut_m10_stainless is stainless → correct
   p5 ( 408, 641) bolt     stainless   ferrous=False conf=0.88 | bolt_m6_stainless is stainless → correct
   p6 ( 674, 665) bolt     zinc_steel  ferrous=True  conf=0.60 | bolt_m6_zinc is steel_zinc → correct
   p7 ( 816, 643) nut      brass       ferrous=False conf=0.94 | nut_m8_brass is brass → correct
   p8 ( 911, 638) washer   aluminum    ferrous=False conf=0.83 | washer_m8_copper is copper → correct
  program: (empty)
GPT-6 says it is done.

result: 3/4 ferrous pieces in the tray, 25 feedback lines, 455s wall, 49s sim
  still out: bolt_m6_zinc at [ 0.13  -0.027  0.005]
GPT-6 usage: 6 calls, 14842 in / 7233 out tokens ≈ $0.51
trajectory: 2242 frames (90 s) → /Users/jaumepuig/robotics/magnet_sorter/runs/20260918-230000
exit=0
