/private/tmp/hackspain-coffee-object-probe/thoughts/taras/research/coffee-quality/object-generation/render_recipe.py:244: DeprecationWarning: 'World.use_nodes' is expected to be removed in Blender 6.0
  scene.world.use_nodes = True
/private/tmp/hackspain-coffee-object-probe/thoughts/taras/research/coffee-quality/object-generation/render_recipe.py:39: DeprecationWarning: 'Material.use_nodes' is expected to be removed in Blender 6.0
  material.use_nodes = True
00:20.481  render           | Saved: '/private/tmp/hackspain-coffee-object-probe/thoughts/taras/research/coffee-quality/object-generation/results/glm/logo/render/perspective.png'
00:42.360  render           | Saved: '/private/tmp/hackspain-coffee-object-probe/thoughts/taras/research/coffee-quality/object-generation/results/glm/logo/render/top.png'
INFO Draco is available, use library at /Applications/Blender.app/Contents/Resources/5.2/scripts/addons_core/io_scene_gltf2/libbf_intern_draco_bridge.dylib
INFO MeshOptimizer is available, use library at /Applications/Blender.app/Contents/Resources/5.2/scripts/addons_core/io_scene_gltf2/libbf_intern_meshopt_bridge.dylib
19:00:27 | INFO: Starting glTF 2.0 export
19:00:27 | INFO: Extracting primitive: Cylinder
19:00:27 | INFO: Primitives created: 1
19:00:27 | INFO: Extracting primitive: gold_star
19:00:27 | INFO: Primitives created: 1
19:00:27 | INFO: Extracting primitive: n_monogram
19:00:27 | INFO: Primitives created: 1
19:00:27 | INFO: Extracting primitive: Text
19:00:27 | INFO: Primitives created: 1
19:00:27 | INFO: Finished glTF 2.0 export in 0.01340794563293457 s

Info: Saved as "object.blend"
Blender 5.2.2 LTS (hash d13f752e3b9c built 2026-09-15 01:49:19)

Blender quit
